TEST FAILED: {"stack":"AggregateError [ECONNREFUSED]: \n    at internalConnectMultiple (node:net:1139:18)\n    at afterConnectMultiple (node:net:1712:7)","errors":[{"stack":"Error: connect ECONNREFUSED ::1:4002\n    at createConnectionError (node:net:1675:14)\n    at afterConnectMultiple (node:net:1705:16)","code":"ECONNREFUSED"},{"stack":"Error: connect ECONNREFUSED 127.0.0.1:4002\n    at createConnectionError (node:net:1675:14)\n    at afterConnectMultiple (node:net:1705:16)","code":"ECONNREFUSED"}],"code":"ECONNREFUSED"}